// Jest Snapshot v1, https://goo.gl/fbAQLP

exports[`Renders Without Crashing 1`] = `
<div
  className="msg-bottom"
>
  <p
    className="msg-time"
  >
    10:08
  </p>
</div>
`;
