// Jest Snapshot v1, https://goo.gl/fbAQLP

exports[`Renders Without Crashing 1`] = `<interfaceColor />`;
